閫傜敤浜?.NET Framework MSBuild 鐗堟湰 17.12.12+1cce77968

  thread_pool.cpp
  process_guardian.cpp
E:\Virtual-Vehicle-OS\src\core\thread_pool.cpp(3,10): error C1083: 鏃犳硶鎵撳紑鍖呮嫭鏂囦欢: 鈥減thread.h鈥? No such file or directory [E:\Virtual-Vehicle-OS\build\vr_base_framework.vcxproj]
E:\Virtual-Vehicle-OS\src\core\process_guardian.cpp(3,10): error C1083: 鏃犳硶鎵撳紑鍖呮嫭鏂囦欢: 鈥渟ys/wait.h鈥? No such file or directory [E:\Virtual-Vehicle-OS\build\vr_base_framework.vcxproj]
  posix_message_queue.cpp
E:\Virtual-Vehicle-OS\src\ipc\posix_message_queue.cpp(4,10): error C1083: 鏃犳硶鎵撳紑鍖呮嫭鏂囦欢: 鈥渕queue.h鈥? No such file or directory [E:\Virtual-Vehicle-OS\build\vr_base_framework.vcxproj]
  姝ｅ湪鐢熸垚浠ｇ爜...
